Collecting shap
  Using cached shap-0.52.0-cp312-abi3-win_amd64.whl.metadata (26 kB)
Requirement already satisfied: numpy>=2 in C:\Users\Aagam Shah\AppData\Local\Programs\Python\Python314\Lib\site-packages (from shap) (2.3.5)
Requirement already satisfied: scipy in C:\Users\Aagam Shah\AppData\Local\Programs\Python\Python314\Lib\site-packages (from shap) (1.17.1)
Requirement already satisfied: scikit-learn in C:\Users\Aagam Shah\AppData\Local\Programs\Python\Python314\Lib\site-packages (from shap) (1.8.0)
Requirement already satisfied: pandas in C:\Users\Aagam Shah\AppData\Local\Programs\Python\Python314\Lib\site-packages (from shap) (2.3.3)
Requirement already satisfied: tqdm>=4.27.0 in C:\Users\Aagam Shah\AppData\Local\Programs\Python\Python314\Lib\site-packages (from shap) (4.67.3)
Requirement already satisfied: packaging>20.9 in C:\Users\Aagam Shah\AppData\Local\Programs\Python\Python314\Lib\site-packages (from shap) (25.0)
Collecting slicer==0.0.8 (from shap)
  Using cached slicer-0.0.8-py3-none-any.whl.metadata (4.0 kB)
Collecting numba (from shap)
  Using cached numba-0.67.0-cp314-cp314-win_amd64.whl.metadata (2.8 kB)
Collecting llvmlite (from shap)
  Using cached llvmlite-0.49.0-cp314-cp314-win_amd64.whl.metadata (5.2 kB)
Collecting cloudpickle (from shap)
  Using cached cloudpickle-3.1.2-py3-none-any.whl.metadata (7.1 kB)
Requirement already satisfied: colorama in C:\Users\Aagam Shah\AppData\Roaming\Python\Python314\site-packages (from tqdm>=4.27.0->shap) (0.4.6)
Requirement already satisfied: python-dateutil>=2.8.2 in C:\Users\Aagam Shah\AppData\Local\Programs\Python\Python314\Lib\site-packages (from pandas->shap) (2.9.0.post0)
Requirement already satisfied: pytz>=2020.1 in C:\Users\Aagam Shah\AppData\Local\Programs\Python\Python314\Lib\site-packages (from pandas->shap) (2025.2)
Requirement already satisfied: tzdata>=2022.7 in C:\Users\Aagam Shah\AppData\Local\Programs\Python\Python314\Lib\site-packages (from pandas->shap) (2025.3)
Requirement already satisfied: six>=1.5 in C:\Users\Aagam Shah\AppData\Local\Programs\Python\Python314\Lib\site-packages (from python-dateutil>=2.8.2->pandas->shap) (1.17.0)
Requirement already satisfied: joblib>=1.3.0 in C:\Users\Aagam Shah\AppData\Local\Programs\Python\Python314\Lib\site-packages (from scikit-learn->shap) (1.5.3)
Requirement already satisfied: threadpoolctl>=3.2.0 in C:\Users\Aagam Shah\AppData\Local\Programs\Python\Python314\Lib\site-packages (from scikit-learn->shap) (3.6.0)
Using cached shap-0.52.0-cp312-abi3-win_amd64.whl (499 kB)
Using cached slicer-0.0.8-py3-none-any.whl (15 kB)
Using cached cloudpickle-3.1.2-py3-none-any.whl (22 kB)
Downloading llvmlite-0.49.0-cp314-cp314-win_amd64.whl (43.0 MB)
   --------------------                     22.5/43.0 MB 104.5 kB/s eta 0:03:16
Resuming download llvmlite-0.49.0-cp314-cp314-win_amd64.whl (22.5 MB/43.0 MB)
   ---------------------------------------- 43.0/43.0 MB 94.1 kB/s  0:03:11
Downloading numba-0.67.0-cp314-cp314-win_amd64.whl (2.8 MB)
   ---------------------------------------- 2.8/2.8 MB 117.4 kB/s  0:00:24
Installing collected packages: slicer, llvmlite, cloudpickle, numba, shap

Successfully installed cloudpickle-3.1.2 llvmlite-0.49.0 numba-0.67.0 shap-0.52.0 slicer-0.0.8
